## Session Summary

I made significant progress on fixing the new GRPOTrainer API:

### Completed Work
1. **Implemented `GRPOTrainer.from_pretrained()`** - Creates a trainer from a HuggingFace model name with sensible defaults
2. **Implemented `GRPOTrainer._build_config()`** - Generates a `MasterConfig`-compatible dict from simple parameters
3. **Implemented `GRPOTrainer.fit()`** - Wraps the legacy `setup()` and `grpo_train()` functions
4. **Created `examples/test_new_grpo_api.py`** - Test script for the new API

### Config Issues Fixed
- Added `stop_token_ids`, `stop_strings`, `temperature`, `top_p` to generation config
- Added `tensorboard`, `swanlab`, `mlflow` dicts to logger config
- Added `metric_name`, `metric_mode` to checkpointing config

### Test Results
The new API was tested on the cluster (Job 2993389) and progressed through:
- `GRPOTrainer.from_pretrained()` works
- Trainer creation works (effective batch size: 32)
- Ray cluster connection works
- Tokenizer loading works (using local cached model)
- Dataset loading works (DeepScaler dataset)
- Logger initialization works (TensorBoard enabled)
- GPU monitoring started

The last error was a missing `metric_name` key in checkpointing config, which has been fixed in the committed code.

### Next Steps (for next session)
1. Write the fixed trainer.py to the cluster
2. Submit a new test job
3. Monitor for successful training loop execution
4. Test multi-node (2 nodes) training (issue `RL-u4f`)
5. Create `./job_is_done` when all tests pass

### Git Status
- Commit `738bdec8` pushed to `yi/refactor` branch
- Other modified files from previous refactoring session remain unstaged (not blocking current work)
